<?xml version="1.0" encoding="utf-8"?><testsuites><testsuite name="pytest" errors="0" failures="0" skipped="0" tests="1" time="0.030" timestamp="2020-10-04T19:08:16.372521" hostname="justins-mbp.lan"><testcase classname="api.tests.app_test" name="test_answer" time="0.001" /></testsuite></testsuites>